Testing Register...
Register Status: 400
Register Response: {'message': 'Username already exists'}

Testing Login...
Login Status: 200
Login Response: {'message': 'Login successful'}

Testing Get Me...
Get Me Status: 200
Get Me Response: {'email': 'test@example.com', 'id': 1, 'username': 'testuser'}

Testing Logout...
Logout Status: 200
Logout Response: {'message': 'Logout successful'}

Testing Get Me after Logout...
Get Me (after logout) Status: 401
Get Me (after logout) Response: {'message': 'Not authenticated'}
